
> edytor@0.0.11 build /Users/arnaud/code/edytor
> vite build && pnpm package

vite v8.0.3 building ssr environment for production...
[2Ktransforming...✓ 243 modules transformed.
rendering chunks...
vite v8.0.3 building client environment for production...
[2Ktransforming...✓ 298 modules transformed.
rendering chunks...
computing gzip size...
.svelte-kit/output/client/_app/version.json                                   0.02 kB │ gzip:  0.04 kB
.svelte-kit/output/client/.vite/manifest.json                                 4.36 kB │ gzip:  0.80 kB
.svelte-kit/output/client/_app/immutable/assets/3.DnGUAFGw.css                0.06 kB │ gzip:  0.08 kB
.svelte-kit/output/client/_app/immutable/assets/toolbarPlugin.ZkUxMoUK.css    1.94 kB │ gzip:  0.83 kB
.svelte-kit/output/client/_app/immutable/assets/2.rjXFYpti.css                2.67 kB │ gzip:  0.78 kB
.svelte-kit/output/client/_app/immutable/assets/0.LyTVJupx.css               18.78 kB │ gzip:  4.45 kB
.svelte-kit/output/client/_app/immutable/chunks/CJ695HIV.js                   0.03 kB │ gzip:  0.05 kB
.svelte-kit/output/client/_app/immutable/chunks/DXLwiZ0H.js                   0.06 kB │ gzip:  0.08 kB
.svelte-kit/output/client/_app/immutable/entry/start.BvyObFVK.js              0.07 kB │ gzip:  0.08 kB
.svelte-kit/output/client/_app/immutable/nodes/0.DFctV4m0.js                  0.17 kB │ gzip:  0.15 kB
.svelte-kit/output/client/_app/immutable/nodes/1.C_CcrE65.js                  1.10 kB │ gzip:  0.52 kB
.svelte-kit/output/client/_app/immutable/chunks/BcgnSMxp.js                   1.20 kB │ gzip:  0.68 kB
.svelte-kit/output/client/_app/immutable/chunks/CuCpTZaz.js                   1.23 kB │ gzip:  0.61 kB
.svelte-kit/output/client/_app/immutable/chunks/B32vam8t.js                   2.41 kB │ gzip:  0.98 kB
.svelte-kit/output/client/_app/immutable/nodes/2.wVtqlIby.js                  2.88 kB │ gzip:  1.31 kB
.svelte-kit/output/client/_app/immutable/entry/app.Bo1Q-GFr.js                3.01 kB │ gzip:  1.35 kB
.svelte-kit/output/client/_app/immutable/chunks/yuWTd-2M.js                  27.37 kB │ gzip: 10.66 kB
.svelte-kit/output/client/_app/immutable/nodes/3.CE5DdYtZ.js                 32.25 kB │ gzip: 10.79 kB
.svelte-kit/output/client/_app/immutable/chunks/CkwGtVlg.js                  47.91 kB │ gzip: 18.52 kB
.svelte-kit/output/client/_app/immutable/chunks/BuftT3Vk.js                 301.28 kB │ gzip: 85.64 kB

✓ built in 250ms
computing gzip size...
.svelte-kit/output/server/.vite/manifest.json                                 5.00 kB │ gzip:  0.75 kB
.svelte-kit/output/server/_app/immutable/assets/_page.DnGUAFGw.css            0.06 kB │ gzip:  0.08 kB
.svelte-kit/output/server/_app/immutable/assets/toolbarPlugin.Bw8UU4Hi.css    1.90 kB │ gzip:  0.83 kB
.svelte-kit/output/server/_app/immutable/assets/_page.rjXFYpti.css            2.67 kB │ gzip:  0.78 kB
.svelte-kit/output/server/_app/immutable/assets/_layout.BCNN3CaL.css         18.66 kB │ gzip:  4.43 kB
.svelte-kit/output/server/entries/pages/_page.server.ts.js                    0.01 kB │ gzip:  0.03 kB
.svelte-kit/output/server/entries/pages/_layout.svelte.js                     0.23 kB │ gzip:  0.18 kB
.svelte-kit/output/server/internal.js                                         0.40 kB │ gzip:  0.20 kB
.svelte-kit/output/server/entries/pages/test/dom/_page.ts.js                  1.44 kB │ gzip:  0.42 kB
.svelte-kit/output/server/chunks/environment.js                               1.45 kB │ gzip:  0.64 kB
.svelte-kit/output/server/chunks/utils2.js                                    3.36 kB │ gzip:  1.34 kB
.svelte-kit/output/server/entries/pages/_page.svelte.js                       3.40 kB │ gzip:  1.33 kB
.svelte-kit/output/server/entries/fallbacks/error.svelte.js                   6.11 kB │ gzip:  2.14 kB
.svelte-kit/output/server/chunks/index-server.js                              9.08 kB │ gzip:  3.07 kB
.svelte-kit/output/server/chunks/exports.js                                  12.20 kB │ gzip:  3.61 kB
.svelte-kit/output/server/chunks/internal.js                                 17.76 kB │ gzip:  5.58 kB
.svelte-kit/output/server/chunks/shared.js                                   19.96 kB │ gzip:  5.65 kB
.svelte-kit/output/server/remote-entry.js                                    29.25 kB │ gzip:  6.16 kB
.svelte-kit/output/server/chunks/utils.js                                    29.30 kB │ gzip:  8.42 kB
.svelte-kit/output/server/entries/pages/test/dom/_page.svelte.js             47.78 kB │ gzip: 11.52 kB
.svelte-kit/output/server/index.js                                          131.79 kB │ gzip: 33.44 kB
.svelte-kit/output/server/chunks/server.js                                  135.06 kB │ gzip: 35.30 kB
.svelte-kit/output/server/chunks/toolbarPlugin.js                           349.46 kB │ gzip: 69.77 kB

✓ built in 916ms

Run npm run preview to preview your production build locally.

> Using @sveltejs/adapter-static
  Wrote site to "build"
  ✔ done

> edytor@0.0.11 package /Users/arnaud/code/edytor
> svelte-kit sync && svelte-package && publint

src/lib -> dist
Running publint v0.3.18 for edytor...
Packing files with `pnpm pack`...
Linting...
All good!
